../source/router_eligible_device_app.c:415:6:counterTimerCallback	0	static
../source/router_eligible_device_app.c:695:13:APP_ThrNwkJoin	8	static
../source/router_eligible_device_app.c:967:13:APP_JoinEventsHandler	8	static
../source/router_eligible_device_app.c:713:13:App_JoinTimerCallback	8	static
../source/router_eligible_device_app.c:848:13:APP_AppModeHandleKeyboard	8	static
../source/router_eligible_device_app.c:943:13:App_UpdateStateLeds	8	static
../source/router_eligible_device_app.c:734:13:APP_ConfigModeSwShortPressHandler	8	static
../source/router_eligible_device_app.c:805:13:APP_ConfigModeHandleKeyboard	8	static
../source/router_eligible_device_app.c:917:13:App_HandleKeyboard	8	static
../source/router_eligible_device_app.c:1570:13:App_RestoreLeaderLed	8	static
../source/router_eligible_device_app.c:1303:13:APP_LocalDataSinkRelease	24	static
../source/router_eligible_device_app.c:1102:20:APP_SendDataSinkCommand	32	static
../source/router_eligible_device_app.c:1153:13:APP_SendDataSinkRelease	24	static
../source/router_eligible_device_app.c:1015:13:APP_CoapGenericCallback	8	static
../source/router_eligible_device_app.c:1531:13:APP_CoapSinkCb	16	static
../source/router_eligible_device_app.c:1356:13:APP_ProcessLedCmd	24	static
../source/router_eligible_device_app.c:1177:13:APP_SendLedCommand	24	static
../source/router_eligible_device_app.c:1285:13:APP_SendLedColorWheel	32	static
../source/router_eligible_device_app.c:1268:13:APP_SendLedFlash	16	static
../source/router_eligible_device_app.c:1251:13:APP_SendLedRgbOff	40	static
../source/router_eligible_device_app.c:1326:13:APP_CoapLedCb	16	static
../source/router_eligible_device_app.c:1220:13:APP_SendLedRgbOn	56	static
../source/router_eligible_device_app.c:435:6:requestCounterCallback	8	static
../source/router_eligible_device_app.c:1053:13:APP_ReportTemp	24	static
../source/router_eligible_device_app.c:1131:13:APP_SendDataSinkCreate	16	static
../source/router_eligible_device_app.c:666:13:APP_InitCoapDemo	88	static
../source/router_eligible_device_app.c:278:13:APP_CoapTeam6Cb	24	static
../source/router_eligible_device_app.c:1460:13:APP_CoapTempCb	88	static
../source/router_eligible_device_app.c:197:6:APP_Init	8	static
../source/router_eligible_device_app.c:259:6:APP_Handler	8	static
../source/router_eligible_device_app.c:389:6:APP_NwkScanHandler	16	static
../source/router_eligible_device_app.c:423:6:startCounterTimer	8	static
../source/router_eligible_device_app.c:452:6:startRequestTimer	8	static
../source/router_eligible_device_app.c:466:6:Stack_to_APP_Handler	16	static
../source/router_eligible_device_app.c:579:6:APP_Commissioning_Handler	80	static
../source/router_eligible_device_app.c:650:6:App_RestoreLeaderLedCb	8	static
