../source/router_eligible_device_app.c:405:6:timer_callback	0	static
../source/router_eligible_device_app.c:648:13:APP_ThrNwkJoin	8	static
../source/router_eligible_device_app.c:920:13:APP_JoinEventsHandler	8	static
../source/router_eligible_device_app.c:666:13:App_JoinTimerCallback	8	static
../source/router_eligible_device_app.c:801:13:APP_AppModeHandleKeyboard	8	static
../source/router_eligible_device_app.c:896:13:App_UpdateStateLeds	8	static
../source/router_eligible_device_app.c:687:13:APP_ConfigModeSwShortPressHandler	8	static
../source/router_eligible_device_app.c:758:13:APP_ConfigModeHandleKeyboard	8	static
../source/router_eligible_device_app.c:870:13:App_HandleKeyboard	8	static
../source/router_eligible_device_app.c:1523:13:App_RestoreLeaderLed	8	static
../source/router_eligible_device_app.c:1256:13:APP_LocalDataSinkRelease	24	static
../source/router_eligible_device_app.c:1055:20:APP_SendDataSinkCommand	32	static
../source/router_eligible_device_app.c:1106:13:APP_SendDataSinkRelease	24	static
../source/router_eligible_device_app.c:968:13:APP_CoapGenericCallback	8	static
../source/router_eligible_device_app.c:1484:13:APP_CoapSinkCb	16	static
../source/router_eligible_device_app.c:1309:13:APP_ProcessLedCmd	24	static
../source/router_eligible_device_app.c:1130:13:APP_SendLedCommand	24	static
../source/router_eligible_device_app.c:1238:13:APP_SendLedColorWheel	32	static
../source/router_eligible_device_app.c:1221:13:APP_SendLedFlash	16	static
../source/router_eligible_device_app.c:1204:13:APP_SendLedRgbOff	40	static
../source/router_eligible_device_app.c:1279:13:APP_CoapLedCb	16	static
../source/router_eligible_device_app.c:1173:13:APP_SendLedRgbOn	56	static
../source/router_eligible_device_app.c:1006:13:APP_ReportTemp	24	static
../source/router_eligible_device_app.c:1084:13:APP_SendDataSinkCreate	16	static
../source/router_eligible_device_app.c:616:13:APP_InitCoapDemo	104	static
../source/router_eligible_device_app.c:356:13:APP_CoapResource2Cb	16	static
../source/router_eligible_device_app.c:284:13:APP_CoapResource1Cb	24	static
../source/router_eligible_device_app.c:1413:13:APP_CoapTempCb	88	static
../source/router_eligible_device_app.c:204:6:APP_Init	8	static
../source/router_eligible_device_app.c:266:6:APP_Handler	8	static
../source/router_eligible_device_app.c:378:6:APP_NwkScanHandler	16	static
../source/router_eligible_device_app.c:413:6:Stack_to_APP_Handler	16	static
../source/router_eligible_device_app.c:524:6:APP_Commissioning_Handler	80	static
../source/router_eligible_device_app.c:600:6:App_RestoreLeaderLedCb	8	static
