../source/router_eligible_device_app.c:405:6:timer_callback	0	static
../source/router_eligible_device_app.c:647:13:APP_ThrNwkJoin	8	static
../source/router_eligible_device_app.c:919:13:APP_JoinEventsHandler	8	static
../source/router_eligible_device_app.c:665:13:App_JoinTimerCallback	8	static
../source/router_eligible_device_app.c:800:13:APP_AppModeHandleKeyboard	8	static
../source/router_eligible_device_app.c:895:13:App_UpdateStateLeds	8	static
../source/router_eligible_device_app.c:686:13:APP_ConfigModeSwShortPressHandler	8	static
../source/router_eligible_device_app.c:757:13:APP_ConfigModeHandleKeyboard	8	static
../source/router_eligible_device_app.c:869:13:App_HandleKeyboard	8	static
../source/router_eligible_device_app.c:1522:13:App_RestoreLeaderLed	8	static
../source/router_eligible_device_app.c:1255:13:APP_LocalDataSinkRelease	24	static
../source/router_eligible_device_app.c:1054:20:APP_SendDataSinkCommand	32	static
../source/router_eligible_device_app.c:1105:13:APP_SendDataSinkRelease	24	static
../source/router_eligible_device_app.c:967:13:APP_CoapGenericCallback	8	static
../source/router_eligible_device_app.c:1483:13:APP_CoapSinkCb	16	static
../source/router_eligible_device_app.c:1308:13:APP_ProcessLedCmd	24	static
../source/router_eligible_device_app.c:1129:13:APP_SendLedCommand	24	static
../source/router_eligible_device_app.c:1237:13:APP_SendLedColorWheel	32	static
../source/router_eligible_device_app.c:1220:13:APP_SendLedFlash	16	static
../source/router_eligible_device_app.c:1203:13:APP_SendLedRgbOff	40	static
../source/router_eligible_device_app.c:1278:13:APP_CoapLedCb	16	static
../source/router_eligible_device_app.c:1172:13:APP_SendLedRgbOn	56	static
../source/router_eligible_device_app.c:1005:13:APP_ReportTemp	24	static
../source/router_eligible_device_app.c:1083:13:APP_SendDataSinkCreate	16	static
../source/router_eligible_device_app.c:615:13:APP_InitCoapDemo	104	static
../source/router_eligible_device_app.c:356:13:APP_CoapResource2Cb	16	static
../source/router_eligible_device_app.c:284:13:APP_CoapResource1Cb	24	static
../source/router_eligible_device_app.c:1412:13:APP_CoapTempCb	88	static
../source/router_eligible_device_app.c:204:6:APP_Init	8	static
../source/router_eligible_device_app.c:266:6:APP_Handler	8	static
../source/router_eligible_device_app.c:378:6:APP_NwkScanHandler	16	static
../source/router_eligible_device_app.c:413:6:Stack_to_APP_Handler	16	static
../source/router_eligible_device_app.c:531:6:APP_Commissioning_Handler	80	static
../source/router_eligible_device_app.c:599:6:App_RestoreLeaderLedCb	8	static
