../source/router_eligible_device_app.c:369:6:counterTimerCallback	0	static
../source/router_eligible_device_app.c:649:13:APP_ThrNwkJoin	8	static
../source/router_eligible_device_app.c:921:13:APP_JoinEventsHandler	8	static
../source/router_eligible_device_app.c:667:13:App_JoinTimerCallback	8	static
../source/router_eligible_device_app.c:802:13:APP_AppModeHandleKeyboard	8	static
../source/router_eligible_device_app.c:897:13:App_UpdateStateLeds	8	static
../source/router_eligible_device_app.c:688:13:APP_ConfigModeSwShortPressHandler	8	static
../source/router_eligible_device_app.c:759:13:APP_ConfigModeHandleKeyboard	8	static
../source/router_eligible_device_app.c:871:13:App_HandleKeyboard	8	static
../source/router_eligible_device_app.c:1524:13:App_RestoreLeaderLed	8	static
../source/router_eligible_device_app.c:1257:13:APP_LocalDataSinkRelease	24	static
../source/router_eligible_device_app.c:1056:20:APP_SendDataSinkCommand	32	static
../source/router_eligible_device_app.c:1107:13:APP_SendDataSinkRelease	24	static
../source/router_eligible_device_app.c:969:13:APP_CoapGenericCallback	8	static
../source/router_eligible_device_app.c:1485:13:APP_CoapSinkCb	16	static
../source/router_eligible_device_app.c:1310:13:APP_ProcessLedCmd	24	static
../source/router_eligible_device_app.c:1131:13:APP_SendLedCommand	24	static
../source/router_eligible_device_app.c:1239:13:APP_SendLedColorWheel	32	static
../source/router_eligible_device_app.c:1222:13:APP_SendLedFlash	16	static
../source/router_eligible_device_app.c:1205:13:APP_SendLedRgbOff	40	static
../source/router_eligible_device_app.c:1280:13:APP_CoapLedCb	16	static
../source/router_eligible_device_app.c:1174:13:APP_SendLedRgbOn	56	static
../source/router_eligible_device_app.c:389:6:requestCounterCallback	8	static
../source/router_eligible_device_app.c:1007:13:APP_ReportTemp	24	static
../source/router_eligible_device_app.c:1085:13:APP_SendDataSinkCreate	16	static
../source/router_eligible_device_app.c:620:13:APP_InitCoapDemo	88	static
../source/router_eligible_device_app.c:1414:13:APP_CoapTempCb	88	static
../source/router_eligible_device_app.c:197:6:APP_Init	8	static
../source/router_eligible_device_app.c:259:6:APP_Handler	8	static
../source/router_eligible_device_app.c:278:6:set_counter_payload	16	static
../source/router_eligible_device_app.c:287:6:print_addr	24	static
../source/router_eligible_device_app.c:300:13:APP_CoapTeam6Cb	16	static
../source/router_eligible_device_app.c:343:6:APP_NwkScanHandler	16	static
../source/router_eligible_device_app.c:377:6:startCounterTimer	8	static
../source/router_eligible_device_app.c:406:6:startRequestTimer	8	static
../source/router_eligible_device_app.c:420:6:Stack_to_APP_Handler	16	static
../source/router_eligible_device_app.c:533:6:APP_Commissioning_Handler	80	static
../source/router_eligible_device_app.c:604:6:App_RestoreLeaderLedCb	8	static
