../source/router_eligible_device_app.c:427:6:counterTimerCallback	0	static
../source/router_eligible_device_app.c:707:13:APP_ThrNwkJoin	8	static
../source/router_eligible_device_app.c:979:13:APP_JoinEventsHandler	8	static
../source/router_eligible_device_app.c:725:13:App_JoinTimerCallback	8	static
../source/router_eligible_device_app.c:860:13:APP_AppModeHandleKeyboard	8	static
../source/router_eligible_device_app.c:955:13:App_UpdateStateLeds	8	static
../source/router_eligible_device_app.c:746:13:APP_ConfigModeSwShortPressHandler	8	static
../source/router_eligible_device_app.c:817:13:APP_ConfigModeHandleKeyboard	8	static
../source/router_eligible_device_app.c:929:13:App_HandleKeyboard	8	static
../source/router_eligible_device_app.c:1582:13:App_RestoreLeaderLed	8	static
../source/router_eligible_device_app.c:1315:13:APP_LocalDataSinkRelease	24	static
../source/router_eligible_device_app.c:1114:20:APP_SendDataSinkCommand	32	static
../source/router_eligible_device_app.c:1165:13:APP_SendDataSinkRelease	24	static
../source/router_eligible_device_app.c:1027:13:APP_CoapGenericCallback	8	static
../source/router_eligible_device_app.c:1543:13:APP_CoapSinkCb	16	static
../source/router_eligible_device_app.c:1368:13:APP_ProcessLedCmd	24	static
../source/router_eligible_device_app.c:1189:13:APP_SendLedCommand	24	static
../source/router_eligible_device_app.c:1297:13:APP_SendLedColorWheel	32	static
../source/router_eligible_device_app.c:1280:13:APP_SendLedFlash	16	static
../source/router_eligible_device_app.c:1263:13:APP_SendLedRgbOff	40	static
../source/router_eligible_device_app.c:1338:13:APP_CoapLedCb	16	static
../source/router_eligible_device_app.c:1232:13:APP_SendLedRgbOn	56	static
../source/router_eligible_device_app.c:447:6:requestCounterCallback	8	static
../source/router_eligible_device_app.c:1065:13:APP_ReportTemp	24	static
../source/router_eligible_device_app.c:1143:13:APP_SendDataSinkCreate	16	static
../source/router_eligible_device_app.c:678:13:APP_InitCoapDemo	88	static
../source/router_eligible_device_app.c:278:13:APP_CoapTeam6Cb	24	static
../source/router_eligible_device_app.c:1472:13:APP_CoapTempCb	88	static
../source/router_eligible_device_app.c:197:6:APP_Init	8	static
../source/router_eligible_device_app.c:259:6:APP_Handler	8	static
../source/router_eligible_device_app.c:401:6:APP_NwkScanHandler	16	static
../source/router_eligible_device_app.c:435:6:startCounterTimer	8	static
../source/router_eligible_device_app.c:464:6:startRequestTimer	8	static
../source/router_eligible_device_app.c:478:6:Stack_to_APP_Handler	16	static
../source/router_eligible_device_app.c:591:6:APP_Commissioning_Handler	80	static
../source/router_eligible_device_app.c:662:6:App_RestoreLeaderLedCb	8	static
